/Users/philippe.tillheden/alpine-apex/scripts/art/build_alpine_assets.py:17: DeprecationWarning: 'Material.use_nodes' is expected to be removed in Blender 6.0
  m=bpy.data.materials.new(name); m.diffuse_color=(*color,1); m.use_nodes=True
BlenderMCP: cannot start server in background mode (blender -b) - commands would never execute
BlenderMCP: run Blender with a GUI, or use a virtual display: xvfb-run -a blender
BlenderMCP addon registered
BlenderMCP server stopped
BlenderMCP addon unregistered
INFO Draco is available, use library at /Applications/Blender.app/Contents/Resources/5.2/scripts/addons_core/io_scene_gltf2/libbf_intern_draco_bridge.dylib
INFO MeshOptimizer is available, use library at /Applications/Blender.app/Contents/Resources/5.2/scripts/addons_core/io_scene_gltf2/libbf_intern_meshopt_bridge.dylib
21:38:42 | INFO: Starting glTF 2.0 export
21:38:42 | INFO: Extracting primitive: Spruce1_LOD0
21:38:42 | INFO: Primitives created: 3
21:38:42 | INFO: Finished glTF 2.0 export in 0.01575779914855957 s

21:38:42 | INFO: Starting glTF 2.0 export
21:38:42 | INFO: Extracting primitive: Spruce1_LOD1
21:38:42 | INFO: Primitives created: 3
21:38:42 | INFO: Finished glTF 2.0 export in 0.0065610408782958984 s

21:38:42 | INFO: Starting glTF 2.0 export
21:38:42 | INFO: Extracting primitive: Spruce1_LOD2
21:38:42 | INFO: Primitives created: 3
21:38:42 | INFO: Finished glTF 2.0 export in 0.0038557052612304688 s

21:38:42 | INFO: Starting glTF 2.0 export
21:38:42 | INFO: Extracting primitive: Spruce2_LOD0
21:38:42 | INFO: Primitives created: 3
21:38:42 | INFO: Finished glTF 2.0 export in 0.007578134536743164 s

21:38:42 | INFO: Starting glTF 2.0 export
21:38:42 | INFO: Extracting primitive: Spruce2_LOD1
21:38:42 | INFO: Primitives created: 3
21:38:42 | INFO: Finished glTF 2.0 export in 0.005246877670288086 s

21:38:42 | INFO: Starting glTF 2.0 export
21:38:42 | INFO: Extracting primitive: Spruce2_LOD2
21:38:42 | INFO: Primitives created: 3
21:38:42 | INFO: Finished glTF 2.0 export in 0.019968032836914062 s

21:38:42 | INFO: Starting glTF 2.0 export
21:38:42 | INFO: Extracting primitive: Spruce3_LOD0
21:38:42 | INFO: Primitives created: 3
21:38:42 | INFO: Finished glTF 2.0 export in 0.008258819580078125 s

21:38:42 | INFO: Starting glTF 2.0 export
21:38:42 | INFO: Extracting primitive: Spruce3_LOD1
21:38:42 | INFO: Primitives created: 3
21:38:42 | INFO: Finished glTF 2.0 export in 0.005939960479736328 s

21:38:42 | INFO: Starting glTF 2.0 export
21:38:42 | INFO: Extracting primitive: Spruce3_LOD2
21:38:42 | INFO: Primitives created: 3
21:38:42 | INFO: Finished glTF 2.0 export in 0.003962993621826172 s

21:38:42 | INFO: Starting glTF 2.0 export
21:38:42 | INFO: Extracting primitive: Scrub
21:38:42 | INFO: Primitives created: 3
21:38:42 | INFO: Finished glTF 2.0 export in 0.0035741329193115234 s

21:38:42 | INFO: Starting glTF 2.0 export
21:38:42 | INFO: Extracting primitive: Scrub.001
21:38:42 | INFO: Primitives created: 3
21:38:42 | INFO: Finished glTF 2.0 export in 0.005658149719238281 s

21:38:42 | INFO: Starting glTF 2.0 export
21:38:42 | INFO: Extracting primitive: Icosphere
21:38:42 | INFO: Primitives created: 1
21:38:42 | INFO: Finished glTF 2.0 export in 0.0029032230377197266 s

21:38:42 | INFO: Starting glTF 2.0 export
21:38:42 | INFO: Extracting primitive: Icosphere.001
21:38:42 | INFO: Primitives created: 1
21:38:42 | INFO: Finished glTF 2.0 export in 0.003381013870239258 s

21:38:42 | INFO: Starting glTF 2.0 export
21:38:42 | INFO: Extracting primitive: Icosphere.002
21:38:42 | INFO: Primitives created: 1
21:38:42 | INFO: Finished glTF 2.0 export in 0.002466917037963867 s

Info: Removed 0 vertices
21:38:42 | INFO: Starting glTF 2.0 export
21:38:42 | INFO: Extracting primitive: AlpineRidge
21:38:42 | INFO: Primitives created: 1
21:38:42 | INFO: Finished glTF 2.0 export in 0.006512880325317383 s

Info: Removed 0 vertices
21:38:42 | INFO: Starting glTF 2.0 export
21:38:42 | INFO: Extracting primitive: AlpineRidge.001
21:38:42 | INFO: Primitives created: 1
21:38:42 | INFO: Finished glTF 2.0 export in 0.0066699981689453125 s

Info: Removed 0 vertices
21:38:42 | INFO: Starting glTF 2.0 export
21:38:42 | INFO: Extracting primitive: AlpineRidge.002
21:38:42 | INFO: Primitives created: 1
21:38:42 | INFO: Finished glTF 2.0 export in 0.005738019943237305 s

21:38:42 | INFO: Starting glTF 2.0 export
21:38:42 | INFO: Extracting primitive: Ski
21:38:42 | INFO: Primitives created: 4
21:38:42 | INFO: Finished glTF 2.0 export in 0.004216909408569336 s

21:38:42 | INFO: Starting glTF 2.0 export
21:38:42 | INFO: Extracting primitive: Cube
21:38:42 | INFO: Primitives created: 2
21:38:42 | INFO: Finished glTF 2.0 export in 0.00411224365234375 s

21:38:42 | INFO: Starting glTF 2.0 export
21:38:42 | INFO: Extracting primitive: Cube.003
21:38:42 | INFO: Primitives created: 3
21:38:42 | INFO: Finished glTF 2.0 export in 0.0037870407104492188 s

21:38:42 | INFO: Starting glTF 2.0 export
21:38:42 | INFO: Extracting primitive: Pole
21:38:42 | INFO: Primitives created: 2
21:38:42 | INFO: Finished glTF 2.0 export in 0.002714872360229492 s

Info: Saved as "alpine_library.blend"
21:38:42 | INFO: Data are loaded, start creating Blender stuff
21:38:42 | INFO: Blender create Mesh node Spruce1_LOD0
21:38:42 | INFO: glTF import finished in 0.04s
21:38:42 | INFO: Data are loaded, start creating Blender stuff
21:38:42 | INFO: Blender create Mesh node Spruce1_LOD1
21:38:42 | INFO: glTF import finished in 0.01s
21:38:42 | INFO: Data are loaded, start creating Blender stuff
21:38:42 | INFO: Blender create Mesh node Spruce1_LOD2
21:38:42 | INFO: glTF import finished in 0.00s
21:38:42 | INFO: Data are loaded, start creating Blender stuff
21:38:42 | INFO: Blender create Mesh node Spruce2_LOD0
21:38:42 | INFO: glTF import finished in 0.01s
21:38:42 | INFO: Data are loaded, start creating Blender stuff
21:38:42 | INFO: Blender create Mesh node Spruce2_LOD1
21:38:42 | INFO: glTF import finished in 0.01s
21:38:42 | INFO: Data are loaded, start creating Blender stuff
21:38:42 | INFO: Blender create Mesh node Spruce2_LOD2
21:38:42 | INFO: glTF import finished in 0.00s
21:38:42 | INFO: Data are loaded, start creating Blender stuff
21:38:42 | INFO: Blender create Mesh node Spruce3_LOD0
21:38:42 | INFO: glTF import finished in 0.01s
21:38:42 | INFO: Data are loaded, start creating Blender stuff
21:38:42 | INFO: Blender create Mesh node Spruce3_LOD1
21:38:42 | INFO: glTF import finished in 0.01s
21:38:42 | INFO: Data are loaded, start creating Blender stuff
21:38:42 | INFO: Blender create Mesh node Spruce3_LOD2
21:38:43 | INFO: glTF import finished in 0.00s
21:38:43 | INFO: Data are loaded, start creating Blender stuff
21:38:43 | INFO: Blender create Mesh node Scrub
21:38:43 | INFO: glTF import finished in 0.00s
21:38:43 | INFO: Data are loaded, start creating Blender stuff
21:38:43 | INFO: Blender create Mesh node Scrub.001
21:38:43 | INFO: glTF import finished in 0.00s
21:38:43 | INFO: Data are loaded, start creating Blender stuff
21:38:43 | INFO: Blender create Mesh node Icosphere
21:38:43 | INFO: glTF import finished in 0.00s
21:38:43 | INFO: Data are loaded, start creating Blender stuff
21:38:43 | INFO: Blender create Mesh node Icosphere.001
21:38:43 | INFO: glTF import finished in 0.00s
21:38:43 | INFO: Data are loaded, start creating Blender stuff
21:38:43 | INFO: Blender create Mesh node Icosphere.002
21:38:43 | INFO: glTF import finished in 0.00s
21:38:43 | INFO: Data are loaded, start creating Blender stuff
21:38:43 | INFO: Blender create Mesh node AlpineRidge
21:38:43 | INFO: glTF import finished in 0.01s
21:38:43 | INFO: Data are loaded, start creating Blender stuff
21:38:43 | INFO: Blender create Mesh node AlpineRidge.001
21:38:43 | INFO: glTF import finished in 0.01s
21:38:43 | INFO: Data are loaded, start creating Blender stuff
21:38:43 | INFO: Blender create Mesh node AlpineRidge.002
21:38:43 | INFO: glTF import finished in 0.01s
21:38:43 | INFO: Data are loaded, start creating Blender stuff
21:38:43 | INFO: Blender create Mesh node Ski
21:38:43 | INFO: glTF import finished in 0.00s
21:38:43 | INFO: Data are loaded, start creating Blender stuff
21:38:43 | INFO: Blender create Mesh node Cube
21:38:43 | INFO: glTF import finished in 0.00s
21:38:43 | INFO: Data are loaded, start creating Blender stuff
21:38:43 | INFO: Blender create Mesh node Cube.003
21:38:43 | INFO: glTF import finished in 0.00s
21:38:43 | INFO: Data are loaded, start creating Blender stuff
21:38:43 | INFO: Blender create Mesh node Pole
21:38:43 | INFO: glTF import finished in 0.00s
ALPINE_ASSETS_COMPLETE 21 verified exports
Blender 5.2.0 LTS (hash fbe6228777e7 built 2026-07-14 01:31:22)

Blender quit
