BlenderMCP: cannot start server in background mode (blender -b) - commands would never execute
BlenderMCP: run Blender with a GUI, or use a virtual display: xvfb-run -a blender
BlenderMCP addon registered
BlenderMCP server stopped
BlenderMCP addon unregistered
INFO Draco is available, use library at /Applications/Blender.app/Contents/Resources/5.2/scripts/addons_core/io_scene_gltf2/libbf_intern_draco_bridge.dylib
INFO MeshOptimizer is available, use library at /Applications/Blender.app/Contents/Resources/5.2/scripts/addons_core/io_scene_gltf2/libbf_intern_meshopt_bridge.dylib
23:39:09 | INFO: Starting glTF 2.0 export
23:39:09 | INFO: Extracting primitive: Icosphere
23:39:09 | INFO: Primitives created: 1
23:39:09 | INFO: Finished glTF 2.0 export in 0.008083105087280273 s

23:39:09 | INFO: Starting glTF 2.0 export
23:39:09 | INFO: Extracting primitive: Icosphere.001
23:39:09 | INFO: Primitives created: 1
23:39:09 | INFO: Finished glTF 2.0 export in 0.0038979053497314453 s

Info: Saved as "round_boulders.blend"
23:39:09 | INFO: Data are loaded, start creating Blender stuff
23:39:09 | INFO: Blender create Mesh node Icosphere
23:39:09 | INFO: glTF import finished in 0.00s
23:39:09 | INFO: Data are loaded, start creating Blender stuff
23:39:09 | INFO: Blender create Mesh node Icosphere.001
23:39:09 | INFO: glTF import finished in 0.00s
ROUND_BOULDERS_COMPLETE [{"asset": "rock_boulder_1", "triangles": 320, "dimensions": [2.4619641304016113, 2.5573716163635254, 2.3499999046325684], "bytes": 9692, "sha256": "c2e795b08d2e65f70e79640d6f89c799fdadd3716e181a6e7a7bae14af72ac2e", "roundtrip_verified": true}, {"asset": "rock_boulder_2", "triangles": 320, "dimensions": [2.586639881134033, 2.6050782203674316, 2.3499999046325684], "bytes": 9700, "sha256": "b5de45e3be6ace61e5e90af926aef799a0522a8a359ad0a9cf88a5dc1a7f90d9", "roundtrip_verified": true}]
Blender 5.2.0 LTS (hash fbe6228777e7 built 2026-07-14 01:31:22)

Blender quit
