BlenderMCP: cannot start server in background mode (blender -b) - commands would never execute
BlenderMCP: run Blender with a GUI, or use a virtual display: xvfb-run -a blender
BlenderMCP addon registered
BlenderMCP server stopped
BlenderMCP addon unregistered
23:28:22 | INFO: Data are loaded, start creating Blender stuff
23:28:22 | INFO: Blender create Mesh node 0
23:28:24 | INFO: glTF import finished in 1.30s
INFO Draco is available, use library at /Applications/Blender.app/Contents/Resources/5.2/scripts/addons_core/io_scene_gltf2/libbf_intern_draco_bridge.dylib
INFO MeshOptimizer is available, use library at /Applications/Blender.app/Contents/Resources/5.2/scripts/addons_core/io_scene_gltf2/libbf_intern_meshopt_bridge.dylib
23:28:41 | INFO: Starting glTF 2.0 export
23:28:41 | INFO: Extracting primitive: Mesh_0.001
23:28:41 | INFO: Primitives created: 1
23:28:41 | INFO: Finished glTF 2.0 export in 0.019638776779174805 s

23:28:51 | INFO: Starting glTF 2.0 export
23:28:51 | INFO: Extracting primitive: Mesh_0.002
23:28:51 | INFO: Primitives created: 1
23:28:51 | INFO: Finished glTF 2.0 export in 0.007462978363037109 s

23:29:02 | INFO: Starting glTF 2.0 export
23:29:02 | INFO: Extracting primitive: Mesh_0.003
23:29:02 | INFO: Primitives created: 1
23:29:02 | INFO: Finished glTF 2.0 export in 0.013715267181396484 s

23:29:13 | INFO: Starting glTF 2.0 export
23:29:13 | INFO: Extracting primitive: Mesh_0.004
23:29:13 | INFO: Primitives created: 1
23:29:13 | INFO: Finished glTF 2.0 export in 0.009608030319213867 s
00:52.406  render           | Saved: '/Users/philippe.tillheden/alpine-apex/assets/graphics/textures/impostor_fir_1.png'

Info: No new files have been packed
Info: Saved as "fir_family.blend"
23:29:14 | INFO: Starting glTF 2.0 export
23:29:14 | INFO: Extracting primitive: Far card
23:29:14 | INFO: Primitives created: 1
23:29:14 | INFO: Finished glTF 2.0 export in 0.005114078521728516 s
00:53.064  render           | Saved: '/Users/philippe.tillheden/alpine-apex/assets/graphics/textures/impostor_fir_2.png'

23:29:15 | INFO: Starting glTF 2.0 export
23:29:15 | INFO: Extracting primitive: Far card.001
23:29:15 | INFO: Primitives created: 1
23:29:15 | INFO: Finished glTF 2.0 export in 0.0019338130950927734 s

23:29:15 | INFO: Data are loaded, start creating Blender stuff
23:29:15 | INFO: Blender create Mesh node 0
23:29:16 | INFO: glTF import finished in 1.02s
23:29:28 | INFO: Starting glTF 2.0 export
23:29:28 | INFO: Extracting primitive: Mesh_0.001
23:29:28 | INFO: Primitives created: 1
23:29:28 | INFO: Finished glTF 2.0 export in 0.009584188461303711 s

23:29:35 | INFO: Starting glTF 2.0 export
23:29:35 | INFO: Extracting primitive: Mesh_0.002
23:29:35 | INFO: Primitives created: 1
23:29:35 | INFO: Finished glTF 2.0 export in 0.004754781723022461 s

23:29:42 | INFO: Starting glTF 2.0 export
23:29:42 | INFO: Extracting primitive: Mesh_0.003
23:29:42 | INFO: Primitives created: 1
23:29:42 | INFO: Finished glTF 2.0 export in 0.011175870895385742 s

23:29:49 | INFO: Starting glTF 2.0 export
23:29:49 | INFO: Extracting primitive: Mesh_0.004
23:29:49 | INFO: Primitives created: 1
23:29:49 | INFO: Finished glTF 2.0 export in 0.005326986312866211 s
01:28.077  render           | Saved: '/Users/philippe.tillheden/alpine-apex/assets/graphics/textures/impostor_pine_1.png'

Info: No new files have been packed
Info: Saved as "pine_family.blend"
23:29:50 | INFO: Starting glTF 2.0 export
23:29:50 | INFO: Extracting primitive: Far card
23:29:50 | INFO: Primitives created: 1
23:29:50 | INFO: Finished glTF 2.0 export in 0.0026628971099853516 s
01:28.794  render           | Saved: '/Users/philippe.tillheden/alpine-apex/assets/graphics/textures/impostor_pine_2.png'

23:29:51 | INFO: Starting glTF 2.0 export
23:29:51 | INFO: Extracting primitive: Far card.001
23:29:51 | INFO: Primitives created: 1
23:29:51 | INFO: Finished glTF 2.0 export in 0.0025489330291748047 s

23:29:51 | INFO: Data are loaded, start creating Blender stuff
23:29:51 | INFO: Blender create Mesh node 0
23:29:52 | INFO: glTF import finished in 1.01s
23:30:04 | INFO: Starting glTF 2.0 export
23:30:04 | INFO: Extracting primitive: Mesh_0.001
23:30:04 | INFO: Primitives created: 1
23:30:04 | INFO: Finished glTF 2.0 export in 0.012727975845336914 s

23:30:12 | INFO: Starting glTF 2.0 export
23:30:12 | INFO: Extracting primitive: Mesh_0.002
23:30:12 | INFO: Primitives created: 1
23:30:12 | INFO: Finished glTF 2.0 export in 0.013689994812011719 s

23:30:20 | INFO: Starting glTF 2.0 export
23:30:20 | INFO: Extracting primitive: Mesh_0.003
23:30:20 | INFO: Primitives created: 1
23:30:20 | INFO: Finished glTF 2.0 export in 0.013971328735351562 s

23:30:28 | INFO: Starting glTF 2.0 export
23:30:28 | INFO: Extracting primitive: Mesh_0.004
23:30:28 | INFO: Primitives created: 1
23:30:28 | INFO: Finished glTF 2.0 export in 0.013345003128051758 s
02:07.379  render           | Saved: '/Users/philippe.tillheden/alpine-apex/assets/graphics/textures/impostor_larch_1.png'

Info: No new files have been packed
Info: Saved as "larch_family.blend"
23:30:29 | INFO: Starting glTF 2.0 export
23:30:29 | INFO: Extracting primitive: Far card
23:30:29 | INFO: Primitives created: 1
23:30:29 | INFO: Finished glTF 2.0 export in 0.002012014389038086 s
02:08.025  render           | Saved: '/Users/philippe.tillheden/alpine-apex/assets/graphics/textures/impostor_larch_2.png'

23:30:30 | INFO: Starting glTF 2.0 export
23:30:30 | INFO: Extracting primitive: Far card.001
23:30:30 | INFO: Primitives created: 1
23:30:30 | INFO: Finished glTF 2.0 export in 0.0021390914916992188 s

23:30:30 | INFO: Data are loaded, start creating Blender stuff
23:30:30 | INFO: Blender create Mesh node 0
23:30:30 | INFO: glTF import finished in 0.20s
23:30:33 | INFO: Starting glTF 2.0 export
23:30:33 | INFO: Extracting primitive: Mesh_0.001
23:30:33 | INFO: Primitives created: 1
23:30:33 | INFO: Finished glTF 2.0 export in 0.006067991256713867 s

23:30:35 | INFO: Starting glTF 2.0 export
23:30:35 | INFO: Extracting primitive: Mesh_0.002
23:30:35 | INFO: Primitives created: 1
23:30:35 | INFO: Finished glTF 2.0 export in 0.0034220218658447266 s

23:30:36 | INFO: Starting glTF 2.0 export
23:30:36 | INFO: Extracting primitive: Mesh_0.003
23:30:36 | INFO: Primitives created: 1
23:30:36 | INFO: Finished glTF 2.0 export in 0.00574493408203125 s

23:30:38 | INFO: Starting glTF 2.0 export
23:30:38 | INFO: Extracting primitive: Mesh_0.004
23:30:38 | INFO: Primitives created: 1
23:30:38 | INFO: Finished glTF 2.0 export in 0.0031371116638183594 s
02:16.585  render           | Saved: '/Users/philippe.tillheden/alpine-apex/assets/graphics/textures/impostor_snag_1.png'

Info: No new files have been packed
Info: Saved as "snag_family.blend"
23:30:38 | INFO: Starting glTF 2.0 export
23:30:38 | INFO: Extracting primitive: Far card
23:30:38 | INFO: Primitives created: 1
23:30:38 | INFO: Finished glTF 2.0 export in 0.006471157073974609 s
02:17.216  render           | Saved: '/Users/philippe.tillheden/alpine-apex/assets/graphics/textures/impostor_snag_2.png'

23:30:39 | INFO: Starting glTF 2.0 export
23:30:39 | INFO: Extracting primitive: Far card.001
23:30:39 | INFO: Primitives created: 1
23:30:39 | INFO: Finished glTF 2.0 export in 0.0018808841705322266 s

23:30:39 | INFO: Data are loaded, start creating Blender stuff
23:30:39 | INFO: Blender create Mesh node mesh
23:30:39 | INFO: glTF import finished in 0.13s
23:30:52 | INFO: Starting glTF 2.0 export
23:30:52 | INFO: Extracting primitive: mesh.001
23:30:52 | INFO: Primitives created: 1
23:30:52 | INFO: Finished glTF 2.0 export in 0.0034759044647216797 s

23:30:56 | INFO: Starting glTF 2.0 export
23:30:56 | INFO: Extracting primitive: mesh.002
23:30:56 | INFO: Primitives created: 1
23:30:56 | INFO: Finished glTF 2.0 export in 0.002568960189819336 s

Info: No new files have been packed
Info: Saved as "granite_family.blend"
23:30:56 | INFO: Data are loaded, start creating Blender stuff
23:30:56 | INFO: Blender create Mesh node mesh
23:30:56 | INFO: glTF import finished in 0.09s
23:31:04 | INFO: Starting glTF 2.0 export
23:31:04 | INFO: Extracting primitive: mesh.001
23:31:04 | INFO: Primitives created: 1
23:31:04 | INFO: Finished glTF 2.0 export in 0.003313779830932617 s

23:31:06 | INFO: Starting glTF 2.0 export
23:31:06 | INFO: Extracting primitive: mesh.002
23:31:06 | INFO: Primitives created: 1
23:31:06 | INFO: Finished glTF 2.0 export in 0.0028553009033203125 s

Info: No new files have been packed
Info: Saved as "slate_family.blend"
23:31:06 | INFO: Data are loaded, start creating Blender stuff
23:31:06 | INFO: Blender create Mesh node Mesh_0.001
23:31:06 | INFO: glTF import finished in 0.03s
23:31:06 | INFO: Data are loaded, start creating Blender stuff
23:31:06 | INFO: Blender create Mesh node Mesh_0.002
23:31:06 | INFO: glTF import finished in 0.01s
23:31:06 | INFO: Data are loaded, start creating Blender stuff
23:31:06 | INFO: Blender create Mesh node Mesh_0.003
23:31:06 | INFO: glTF import finished in 0.03s
23:31:06 | INFO: Data are loaded, start creating Blender stuff
23:31:06 | INFO: Blender create Mesh node Mesh_0.004
23:31:06 | INFO: glTF import finished in 0.01s
23:31:06 | INFO: Data are loaded, start creating Blender stuff
23:31:06 | INFO: Blender create Mesh node Far card
23:31:06 | INFO: glTF import finished in 0.00s
23:31:06 | INFO: Data are loaded, start creating Blender stuff
23:31:06 | INFO: Blender create Mesh node Far card.001
23:31:06 | INFO: glTF import finished in 0.00s
23:31:06 | INFO: Data are loaded, start creating Blender stuff
23:31:06 | INFO: Blender create Mesh node Mesh_0.001
23:31:06 | INFO: glTF import finished in 0.02s
23:31:06 | INFO: Data are loaded, start creating Blender stuff
23:31:06 | INFO: Blender create Mesh node Mesh_0.002
23:31:06 | INFO: glTF import finished in 0.01s
23:31:06 | INFO: Data are loaded, start creating Blender stuff
23:31:06 | INFO: Blender create Mesh node Mesh_0.003
23:31:06 | INFO: glTF import finished in 0.02s
23:31:06 | INFO: Data are loaded, start creating Blender stuff
23:31:06 | INFO: Blender create Mesh node Mesh_0.004
23:31:06 | INFO: glTF import finished in 0.01s
23:31:06 | INFO: Data are loaded, start creating Blender stuff
23:31:06 | INFO: Blender create Mesh node Far card
23:31:06 | INFO: glTF import finished in 0.00s
23:31:06 | INFO: Data are loaded, start creating Blender stuff
23:31:06 | INFO: Blender create Mesh node Far card.001
23:31:06 | INFO: glTF import finished in 0.00s
23:31:06 | INFO: Data are loaded, start creating Blender stuff
23:31:06 | INFO: Blender create Mesh node Mesh_0.001
23:31:06 | INFO: glTF import finished in 0.03s
23:31:06 | INFO: Data are loaded, start creating Blender stuff
23:31:06 | INFO: Blender create Mesh node Mesh_0.002
23:31:06 | INFO: glTF import finished in 0.03s
23:31:07 | INFO: Data are loaded, start creating Blender stuff
23:31:07 | INFO: Blender create Mesh node Mesh_0.003
23:31:07 | INFO: glTF import finished in 0.03s
23:31:07 | INFO: Data are loaded, start creating Blender stuff
23:31:07 | INFO: Blender create Mesh node Mesh_0.004
23:31:07 | INFO: glTF import finished in 0.03s
23:31:07 | INFO: Data are loaded, start creating Blender stuff
23:31:07 | INFO: Blender create Mesh node Far card
23:31:07 | INFO: glTF import finished in 0.00s
23:31:07 | INFO: Data are loaded, start creating Blender stuff
23:31:07 | INFO: Blender create Mesh node Far card.001
23:31:07 | INFO: glTF import finished in 0.00s
23:31:07 | INFO: Data are loaded, start creating Blender stuff
23:31:07 | INFO: Blender create Mesh node Mesh_0.001
23:31:07 | INFO: glTF import finished in 0.01s
23:31:07 | INFO: Data are loaded, start creating Blender stuff
23:31:07 | INFO: Blender create Mesh node Mesh_0.002
23:31:07 | INFO: glTF import finished in 0.00s
23:31:07 | INFO: Data are loaded, start creating Blender stuff
23:31:07 | INFO: Blender create Mesh node Mesh_0.003
23:31:07 | INFO: glTF import finished in 0.01s
23:31:07 | INFO: Data are loaded, start creating Blender stuff
23:31:07 | INFO: Blender create Mesh node Mesh_0.004
23:31:07 | INFO: glTF import finished in 0.00s
23:31:07 | INFO: Data are loaded, start creating Blender stuff
23:31:07 | INFO: Blender create Mesh node Far card
23:31:07 | INFO: glTF import finished in 0.00s
23:31:07 | INFO: Data are loaded, start creating Blender stuff
23:31:07 | INFO: Blender create Mesh node Far card.001
23:31:07 | INFO: glTF import finished in 0.00s
23:31:07 | INFO: Data are loaded, start creating Blender stuff
23:31:07 | INFO: Blender create Mesh node mesh.001
23:31:07 | INFO: glTF import finished in 0.00s
23:31:07 | INFO: Data are loaded, start creating Blender stuff
23:31:07 | INFO: Blender create Mesh node mesh.002
23:31:07 | INFO: glTF import finished in 0.00s
23:31:07 | INFO: Data are loaded, start creating Blender stuff
23:31:07 | INFO: Blender create Mesh node mesh.001
23:31:07 | INFO: glTF import finished in 0.00s
23:31:07 | INFO: Data are loaded, start creating Blender stuff
23:31:07 | INFO: Blender create Mesh node mesh.002
23:31:07 | INFO: glTF import finished in 0.00s
SCENERY_MODELS_COMPLETE 28 verified exports
Blender 5.2.0 LTS (hash fbe6228777e7 built 2026-07-14 01:31:22)

Blender quit
