BlenderMCP: cannot start server in background mode (blender -b) - commands would never execute
BlenderMCP: run Blender with a GUI, or use a virtual display: xvfb-run -a blender
BlenderMCP addon registered
BlenderMCP server stopped
BlenderMCP addon unregistered
23:38:14 | INFO: Data are loaded, start creating Blender stuff
23:38:14 | INFO: Blender create Mesh node 0
23:38:14 | INFO: glTF import finished in 0.25s
INFO Draco is available, use library at /Applications/Blender.app/Contents/Resources/5.2/scripts/addons_core/io_scene_gltf2/libbf_intern_draco_bridge.dylib
INFO MeshOptimizer is available, use library at /Applications/Blender.app/Contents/Resources/5.2/scripts/addons_core/io_scene_gltf2/libbf_intern_meshopt_bridge.dylib
23:38:20 | INFO: Starting glTF 2.0 export
23:38:20 | INFO: Extracting primitive: Mesh_0.003
23:38:20 | INFO: Primitives created: 1
23:38:20 | INFO: Finished glTF 2.0 export in 0.013216972351074219 s

23:38:20 | INFO: Starting glTF 2.0 export
23:38:20 | INFO: Extracting primitive: Mesh_0.004
23:38:20 | INFO: Primitives created: 1
23:38:20 | INFO: Finished glTF 2.0 export in 0.005424976348876953 s

23:38:20 | INFO: Starting glTF 2.0 export
23:38:20 | INFO: Extracting primitive: Mesh_0.005
23:38:20 | INFO: Primitives created: 1
23:38:20 | INFO: Finished glTF 2.0 export in 0.009788990020751953 s

23:38:20 | INFO: Starting glTF 2.0 export
23:38:20 | INFO: Extracting primitive: Mesh_0.006
23:38:20 | INFO: Primitives created: 1
23:38:20 | INFO: Finished glTF 2.0 export in 0.0046541690826416016 s

23:38:20 | INFO: Starting glTF 2.0 export
23:38:20 | INFO: Extracting primitive: Mesh_0.007
23:38:20 | INFO: Primitives created: 1
23:38:20 | INFO: Finished glTF 2.0 export in 0.009196996688842773 s

23:38:20 | INFO: Starting glTF 2.0 export
23:38:20 | INFO: Extracting primitive: Mesh_0.008
23:38:20 | INFO: Primitives created: 1
23:38:20 | INFO: Finished glTF 2.0 export in 0.005145072937011719 s

23:38:20 | INFO: Starting glTF 2.0 export
23:38:20 | INFO: Extracting primitive: Mesh_0.009
23:38:20 | INFO: Primitives created: 1
23:38:20 | INFO: Finished glTF 2.0 export in 0.009111166000366211 s

23:38:20 | INFO: Starting glTF 2.0 export
23:38:20 | INFO: Extracting primitive: Mesh_0.010
23:38:20 | INFO: Primitives created: 1
23:38:20 | INFO: Finished glTF 2.0 export in 0.004814863204956055 s
00:07.300  render           | Saved: '/Users/philippe.tillheden/alpine-apex/assets/graphics/textures/impostor_birch_1.png'

Info: No new files have been packed
Info: Saved as "birch_family.blend"
23:38:21 | INFO: Starting glTF 2.0 export
23:38:21 | INFO: Extracting primitive: Far card
23:38:21 | INFO: Primitives created: 1
23:38:21 | INFO: Finished glTF 2.0 export in 0.0049991607666015625 s
00:07.956  render           | Saved: '/Users/philippe.tillheden/alpine-apex/assets/graphics/textures/impostor_birch_2.png'

23:38:21 | INFO: Starting glTF 2.0 export
23:38:21 | INFO: Extracting primitive: Far card.001
23:38:21 | INFO: Primitives created: 1
23:38:21 | INFO: Finished glTF 2.0 export in 0.002254009246826172 s
00:08.624  render           | Saved: '/Users/philippe.tillheden/alpine-apex/assets/graphics/textures/impostor_birch_3.png'

23:38:22 | INFO: Starting glTF 2.0 export
23:38:22 | INFO: Extracting primitive: Far card.002
23:38:22 | INFO: Primitives created: 1
23:38:22 | INFO: Finished glTF 2.0 export in 0.004032135009765625 s
00:09.317  render           | Saved: '/Users/philippe.tillheden/alpine-apex/assets/graphics/textures/impostor_birch_4.png'

23:38:23 | INFO: Starting glTF 2.0 export
23:38:23 | INFO: Extracting primitive: Far card.003
23:38:23 | INFO: Primitives created: 1
23:38:23 | INFO: Finished glTF 2.0 export in 0.0024847984313964844 s

23:38:23 | INFO: Data are loaded, start creating Blender stuff
23:38:23 | INFO: Blender create Mesh node 0
23:38:23 | INFO: glTF import finished in 0.55s
23:38:33 | INFO: Starting glTF 2.0 export
23:38:33 | INFO: Extracting primitive: Mesh_0.003
23:38:33 | INFO: Primitives created: 1
23:38:33 | INFO: Finished glTF 2.0 export in 0.0124359130859375 s

23:38:33 | INFO: Starting glTF 2.0 export
23:38:33 | INFO: Extracting primitive: Mesh_0.004
23:38:33 | INFO: Primitives created: 1
23:38:33 | INFO: Finished glTF 2.0 export in 0.012852907180786133 s

23:38:33 | INFO: Starting glTF 2.0 export
23:38:33 | INFO: Extracting primitive: Mesh_0.005
23:38:33 | INFO: Primitives created: 1
23:38:33 | INFO: Finished glTF 2.0 export in 0.012810945510864258 s

23:38:33 | INFO: Starting glTF 2.0 export
23:38:33 | INFO: Extracting primitive: Mesh_0.006
23:38:33 | INFO: Primitives created: 1
23:38:33 | INFO: Finished glTF 2.0 export in 0.01265406608581543 s

23:38:33 | INFO: Starting glTF 2.0 export
23:38:33 | INFO: Extracting primitive: Mesh_0.007
23:38:33 | INFO: Primitives created: 1
23:38:33 | INFO: Finished glTF 2.0 export in 0.012747049331665039 s

23:38:33 | INFO: Starting glTF 2.0 export
23:38:33 | INFO: Extracting primitive: Mesh_0.008
23:38:33 | INFO: Primitives created: 1
23:38:33 | INFO: Finished glTF 2.0 export in 0.013025999069213867 s

23:38:33 | INFO: Starting glTF 2.0 export
23:38:33 | INFO: Extracting primitive: Mesh_0.009
23:38:33 | INFO: Primitives created: 1
23:38:33 | INFO: Finished glTF 2.0 export in 0.012504100799560547 s

23:38:33 | INFO: Starting glTF 2.0 export
23:38:33 | INFO: Extracting primitive: Mesh_0.010
23:38:33 | INFO: Primitives created: 1
23:38:33 | INFO: Finished glTF 2.0 export in 0.013254880905151367 s
00:21.730  render           | Saved: '/Users/philippe.tillheden/alpine-apex/assets/graphics/textures/impostor_rowan_1.png'

Info: No new files have been packed
Info: Saved as "rowan_family.blend"
23:38:35 | INFO: Starting glTF 2.0 export
23:38:35 | INFO: Extracting primitive: Far card
23:38:35 | INFO: Primitives created: 1
23:38:35 | INFO: Finished glTF 2.0 export in 0.00310516357421875 s
00:22.552  render           | Saved: '/Users/philippe.tillheden/alpine-apex/assets/graphics/textures/impostor_rowan_2.png'

23:38:36 | INFO: Starting glTF 2.0 export
23:38:36 | INFO: Extracting primitive: Far card.001
23:38:36 | INFO: Primitives created: 1
23:38:36 | INFO: Finished glTF 2.0 export in 0.002363920211791992 s
00:23.267  render           | Saved: '/Users/philippe.tillheden/alpine-apex/assets/graphics/textures/impostor_rowan_3.png'

23:38:37 | INFO: Starting glTF 2.0 export
23:38:37 | INFO: Extracting primitive: Far card.002
23:38:37 | INFO: Primitives created: 1
23:38:37 | INFO: Finished glTF 2.0 export in 0.0035240650177001953 s
00:23.991  render           | Saved: '/Users/philippe.tillheden/alpine-apex/assets/graphics/textures/impostor_rowan_4.png'

23:38:37 | INFO: Starting glTF 2.0 export
23:38:37 | INFO: Extracting primitive: Far card.003
23:38:37 | INFO: Primitives created: 1
23:38:37 | INFO: Finished glTF 2.0 export in 0.00201416015625 s

23:38:37 | INFO: Data are loaded, start creating Blender stuff
23:38:37 | INFO: Blender create Mesh node 0
23:38:39 | INFO: glTF import finished in 1.69s
23:39:14 | INFO: Starting glTF 2.0 export
23:39:14 | INFO: Extracting primitive: Mesh_0.003
23:39:14 | INFO: Primitives created: 1
23:39:14 | INFO: Finished glTF 2.0 export in 0.012187957763671875 s

23:39:14 | INFO: Starting glTF 2.0 export
23:39:14 | INFO: Extracting primitive: Mesh_0.004
23:39:14 | INFO: Primitives created: 1
23:39:14 | INFO: Finished glTF 2.0 export in 0.008781671524047852 s

23:39:14 | INFO: Starting glTF 2.0 export
23:39:14 | INFO: Extracting primitive: Mesh_0.005
23:39:14 | INFO: Primitives created: 1
23:39:14 | INFO: Finished glTF 2.0 export in 0.009914875030517578 s

23:39:15 | INFO: Starting glTF 2.0 export
23:39:15 | INFO: Extracting primitive: Mesh_0.006
23:39:15 | INFO: Primitives created: 1
23:39:15 | INFO: Finished glTF 2.0 export in 0.009260177612304688 s

23:39:15 | INFO: Starting glTF 2.0 export
23:39:15 | INFO: Extracting primitive: Mesh_0.007
23:39:15 | INFO: Primitives created: 1
23:39:15 | INFO: Finished glTF 2.0 export in 0.010303020477294922 s

23:39:15 | INFO: Starting glTF 2.0 export
23:39:15 | INFO: Extracting primitive: Mesh_0.008
23:39:15 | INFO: Primitives created: 1
23:39:15 | INFO: Finished glTF 2.0 export in 0.00880289077758789 s

23:39:15 | INFO: Starting glTF 2.0 export
23:39:15 | INFO: Extracting primitive: Mesh_0.009
23:39:15 | INFO: Primitives created: 1
23:39:15 | INFO: Finished glTF 2.0 export in 0.010123968124389648 s

23:39:15 | INFO: Starting glTF 2.0 export
23:39:15 | INFO: Extracting primitive: Mesh_0.010
23:39:15 | INFO: Primitives created: 1
23:39:15 | INFO: Finished glTF 2.0 export in 0.008729934692382812 s
01:02.058  render           | Saved: '/Users/philippe.tillheden/alpine-apex/assets/graphics/textures/impostor_scots_pine_1.png'

Info: No new files have been packed
Info: Saved as "scots_pine_family.blend"
23:39:15 | INFO: Starting glTF 2.0 export
23:39:15 | INFO: Extracting primitive: Far card
23:39:15 | INFO: Primitives created: 1
23:39:15 | INFO: Finished glTF 2.0 export in 0.0021631717681884766 s
01:02.732  render           | Saved: '/Users/philippe.tillheden/alpine-apex/assets/graphics/textures/impostor_scots_pine_2.png'

23:39:16 | INFO: Starting glTF 2.0 export
23:39:16 | INFO: Extracting primitive: Far card.001
23:39:16 | INFO: Primitives created: 1
23:39:16 | INFO: Finished glTF 2.0 export in 0.0018260478973388672 s
01:03.397  render           | Saved: '/Users/philippe.tillheden/alpine-apex/assets/graphics/textures/impostor_scots_pine_3.png'

23:39:17 | INFO: Starting glTF 2.0 export
23:39:17 | INFO: Extracting primitive: Far card.002
23:39:17 | INFO: Primitives created: 1
23:39:17 | INFO: Finished glTF 2.0 export in 0.0017688274383544922 s
01:04.069  render           | Saved: '/Users/philippe.tillheden/alpine-apex/assets/graphics/textures/impostor_scots_pine_4.png'

23:39:17 | INFO: Starting glTF 2.0 export
23:39:17 | INFO: Extracting primitive: Far card.003
23:39:17 | INFO: Primitives created: 1
23:39:17 | INFO: Finished glTF 2.0 export in 0.0021729469299316406 s

23:39:18 | INFO: Data are loaded, start creating Blender stuff
23:39:18 | INFO: Blender create Mesh node 0
23:39:18 | INFO: glTF import finished in 0.55s
23:39:28 | INFO: Starting glTF 2.0 export
23:39:28 | INFO: Extracting primitive: Mesh_0.003
23:39:28 | INFO: Primitives created: 1
23:39:28 | INFO: Finished glTF 2.0 export in 0.009808063507080078 s

23:39:28 | INFO: Starting glTF 2.0 export
23:39:28 | INFO: Extracting primitive: Mesh_0.004
23:39:28 | INFO: Primitives created: 1
23:39:28 | INFO: Finished glTF 2.0 export in 0.004668235778808594 s

23:39:28 | INFO: Starting glTF 2.0 export
23:39:28 | INFO: Extracting primitive: Mesh_0.005
23:39:28 | INFO: Primitives created: 1
23:39:28 | INFO: Finished glTF 2.0 export in 0.009524106979370117 s

23:39:28 | INFO: Starting glTF 2.0 export
23:39:28 | INFO: Extracting primitive: Mesh_0.006
23:39:28 | INFO: Primitives created: 1
23:39:28 | INFO: Finished glTF 2.0 export in 0.00458216667175293 s

23:39:28 | INFO: Starting glTF 2.0 export
23:39:28 | INFO: Extracting primitive: Mesh_0.007
23:39:28 | INFO: Primitives created: 1
23:39:28 | INFO: Finished glTF 2.0 export in 0.00917506217956543 s

23:39:28 | INFO: Starting glTF 2.0 export
23:39:28 | INFO: Extracting primitive: Mesh_0.008
23:39:28 | INFO: Primitives created: 1
23:39:28 | INFO: Finished glTF 2.0 export in 0.004750967025756836 s

23:39:29 | INFO: Starting glTF 2.0 export
23:39:29 | INFO: Extracting primitive: Mesh_0.009
23:39:29 | INFO: Primitives created: 1
23:39:29 | INFO: Finished glTF 2.0 export in 0.009600162506103516 s

23:39:29 | INFO: Starting glTF 2.0 export
23:39:29 | INFO: Extracting primitive: Mesh_0.010
23:39:29 | INFO: Primitives created: 1
23:39:29 | INFO: Finished glTF 2.0 export in 0.004521846771240234 s
01:15.827  render           | Saved: '/Users/philippe.tillheden/alpine-apex/assets/graphics/textures/impostor_wind_pine_1.png'

Info: No new files have been packed
Info: Saved as "wind_pine_family.blend"
23:39:29 | INFO: Starting glTF 2.0 export
23:39:29 | INFO: Extracting primitive: Far card
23:39:29 | INFO: Primitives created: 1
23:39:29 | INFO: Finished glTF 2.0 export in 0.0016739368438720703 s
01:16.476  render           | Saved: '/Users/philippe.tillheden/alpine-apex/assets/graphics/textures/impostor_wind_pine_2.png'

23:39:30 | INFO: Starting glTF 2.0 export
23:39:30 | INFO: Extracting primitive: Far card.001
23:39:30 | INFO: Primitives created: 1
23:39:30 | INFO: Finished glTF 2.0 export in 0.0023882389068603516 s
01:17.084  render           | Saved: '/Users/philippe.tillheden/alpine-apex/assets/graphics/textures/impostor_wind_pine_3.png'

23:39:30 | INFO: Starting glTF 2.0 export
23:39:30 | INFO: Extracting primitive: Far card.002
23:39:30 | INFO: Primitives created: 1
23:39:30 | INFO: Finished glTF 2.0 export in 0.002020120620727539 s
01:17.705  render           | Saved: '/Users/philippe.tillheden/alpine-apex/assets/graphics/textures/impostor_wind_pine_4.png'

23:39:31 | INFO: Starting glTF 2.0 export
23:39:31 | INFO: Extracting primitive: Far card.003
23:39:31 | INFO: Primitives created: 1
23:39:31 | INFO: Finished glTF 2.0 export in 0.00220489501953125 s

23:39:31 | INFO: Data are loaded, start creating Blender stuff
23:39:31 | INFO: Blender create Mesh node 0
23:39:31 | INFO: glTF import finished in 0.21s
23:39:36 | INFO: Starting glTF 2.0 export
23:39:36 | INFO: Extracting primitive: Mesh_0.003
23:39:36 | INFO: Primitives created: 1
23:39:36 | INFO: Finished glTF 2.0 export in 0.005491971969604492 s

23:39:36 | INFO: Starting glTF 2.0 export
23:39:36 | INFO: Extracting primitive: Mesh_0.004
23:39:36 | INFO: Primitives created: 1
23:39:36 | INFO: Finished glTF 2.0 export in 0.0034880638122558594 s

23:39:36 | INFO: Starting glTF 2.0 export
23:39:36 | INFO: Extracting primitive: Mesh_0.005
23:39:36 | INFO: Primitives created: 1
23:39:36 | INFO: Finished glTF 2.0 export in 0.0055999755859375 s

23:39:36 | INFO: Starting glTF 2.0 export
23:39:36 | INFO: Extracting primitive: Mesh_0.006
23:39:36 | INFO: Primitives created: 1
23:39:36 | INFO: Finished glTF 2.0 export in 0.003359079360961914 s

23:39:36 | INFO: Starting glTF 2.0 export
23:39:36 | INFO: Extracting primitive: Mesh_0.007
23:39:36 | INFO: Primitives created: 1
23:39:36 | INFO: Finished glTF 2.0 export in 0.005290985107421875 s

23:39:36 | INFO: Starting glTF 2.0 export
23:39:36 | INFO: Extracting primitive: Mesh_0.008
23:39:36 | INFO: Primitives created: 1
23:39:36 | INFO: Finished glTF 2.0 export in 0.003386974334716797 s

23:39:36 | INFO: Starting glTF 2.0 export
23:39:36 | INFO: Extracting primitive: Mesh_0.009
23:39:36 | INFO: Primitives created: 1
23:39:36 | INFO: Finished glTF 2.0 export in 0.005467891693115234 s

23:39:36 | INFO: Starting glTF 2.0 export
23:39:36 | INFO: Extracting primitive: Mesh_0.010
23:39:36 | INFO: Primitives created: 1
23:39:36 | INFO: Finished glTF 2.0 export in 0.0028421878814697266 s
01:23.121  render           | Saved: '/Users/philippe.tillheden/alpine-apex/assets/graphics/textures/impostor_split_snag_1.png'

Info: No new files have been packed
Info: Saved as "split_snag_family.blend"
23:39:37 | INFO: Starting glTF 2.0 export
23:39:37 | INFO: Extracting primitive: Far card
23:39:37 | INFO: Primitives created: 1
23:39:37 | INFO: Finished glTF 2.0 export in 0.002128124237060547 s
01:23.769  render           | Saved: '/Users/philippe.tillheden/alpine-apex/assets/graphics/textures/impostor_split_snag_2.png'

23:39:37 | INFO: Starting glTF 2.0 export
23:39:37 | INFO: Extracting primitive: Far card.001
23:39:37 | INFO: Primitives created: 1
23:39:37 | INFO: Finished glTF 2.0 export in 0.0022008419036865234 s
01:24.391  render           | Saved: '/Users/philippe.tillheden/alpine-apex/assets/graphics/textures/impostor_split_snag_3.png'

23:39:38 | INFO: Starting glTF 2.0 export
23:39:38 | INFO: Extracting primitive: Far card.002
23:39:38 | INFO: Primitives created: 1
23:39:38 | INFO: Finished glTF 2.0 export in 0.0020291805267333984 s
01:25.025  render           | Saved: '/Users/philippe.tillheden/alpine-apex/assets/graphics/textures/impostor_split_snag_4.png'

23:39:38 | INFO: Starting glTF 2.0 export
23:39:38 | INFO: Extracting primitive: Far card.003
23:39:38 | INFO: Primitives created: 1
23:39:38 | INFO: Finished glTF 2.0 export in 0.0019137859344482422 s

23:39:38 | INFO: Data are loaded, start creating Blender stuff
23:39:38 | INFO: Blender create Mesh node 0
23:39:39 | INFO: glTF import finished in 0.26s
23:39:43 | INFO: Starting glTF 2.0 export
23:39:43 | INFO: Extracting primitive: Mesh_0.003
23:39:43 | INFO: Primitives created: 1
23:39:43 | INFO: Finished glTF 2.0 export in 0.005194187164306641 s

23:39:43 | INFO: Starting glTF 2.0 export
23:39:43 | INFO: Extracting primitive: Mesh_0.004
23:39:43 | INFO: Primitives created: 1
23:39:43 | INFO: Finished glTF 2.0 export in 0.003339052200317383 s

23:39:43 | INFO: Starting glTF 2.0 export
23:39:43 | INFO: Extracting primitive: Mesh_0.005
23:39:43 | INFO: Primitives created: 1
23:39:43 | INFO: Finished glTF 2.0 export in 0.005132198333740234 s

23:39:43 | INFO: Starting glTF 2.0 export
23:39:43 | INFO: Extracting primitive: Mesh_0.006
23:39:43 | INFO: Primitives created: 1
23:39:43 | INFO: Finished glTF 2.0 export in 0.0028870105743408203 s

23:39:43 | INFO: Starting glTF 2.0 export
23:39:43 | INFO: Extracting primitive: Mesh_0.007
23:39:43 | INFO: Primitives created: 1
23:39:43 | INFO: Finished glTF 2.0 export in 0.005025148391723633 s

23:39:43 | INFO: Starting glTF 2.0 export
23:39:43 | INFO: Extracting primitive: Mesh_0.008
23:39:43 | INFO: Primitives created: 1
23:39:43 | INFO: Finished glTF 2.0 export in 0.00603795051574707 s

23:39:43 | INFO: Starting glTF 2.0 export
23:39:43 | INFO: Extracting primitive: Mesh_0.009
23:39:43 | INFO: Primitives created: 1
23:39:43 | INFO: Finished glTF 2.0 export in 0.009479999542236328 s

23:39:43 | INFO: Starting glTF 2.0 export
23:39:43 | INFO: Extracting primitive: Mesh_0.010
23:39:43 | INFO: Primitives created: 1
23:39:43 | INFO: Finished glTF 2.0 export in 0.00563812255859375 s
01:30.784  render           | Saved: '/Users/philippe.tillheden/alpine-apex/assets/graphics/textures/impostor_hollow_snag_1.png'

Info: No new files have been packed
Info: Saved as "hollow_snag_family.blend"
23:39:44 | INFO: Starting glTF 2.0 export
23:39:44 | INFO: Extracting primitive: Far card
23:39:44 | INFO: Primitives created: 1
23:39:44 | INFO: Finished glTF 2.0 export in 0.002090930938720703 s
01:31.466  render           | Saved: '/Users/philippe.tillheden/alpine-apex/assets/graphics/textures/impostor_hollow_snag_2.png'

23:39:45 | INFO: Starting glTF 2.0 export
23:39:45 | INFO: Extracting primitive: Far card.001
23:39:45 | INFO: Primitives created: 1
23:39:45 | INFO: Finished glTF 2.0 export in 0.0021622180938720703 s
01:32.072  render           | Saved: '/Users/philippe.tillheden/alpine-apex/assets/graphics/textures/impostor_hollow_snag_3.png'

23:39:45 | INFO: Starting glTF 2.0 export
23:39:45 | INFO: Extracting primitive: Far card.002
23:39:45 | INFO: Primitives created: 1
23:39:45 | INFO: Finished glTF 2.0 export in 0.0021049976348876953 s
01:32.684  render           | Saved: '/Users/philippe.tillheden/alpine-apex/assets/graphics/textures/impostor_hollow_snag_4.png'

23:39:46 | INFO: Starting glTF 2.0 export
23:39:46 | INFO: Extracting primitive: Far card.003
23:39:46 | INFO: Primitives created: 1
23:39:46 | INFO: Finished glTF 2.0 export in 0.0016779899597167969 s

23:39:46 | INFO: Data are loaded, start creating Blender stuff
23:39:46 | INFO: Blender create Mesh node Mesh_0.003
23:39:46 | INFO: glTF import finished in 0.02s
23:39:46 | INFO: Data are loaded, start creating Blender stuff
23:39:46 | INFO: Blender create Mesh node Mesh_0.004
23:39:46 | INFO: glTF import finished in 0.01s
23:39:46 | INFO: Data are loaded, start creating Blender stuff
23:39:46 | INFO: Blender create Mesh node Mesh_0.005
23:39:46 | INFO: glTF import finished in 0.02s
23:39:46 | INFO: Data are loaded, start creating Blender stuff
23:39:46 | INFO: Blender create Mesh node Mesh_0.006
23:39:46 | INFO: glTF import finished in 0.01s
23:39:46 | INFO: Data are loaded, start creating Blender stuff
23:39:46 | INFO: Blender create Mesh node Mesh_0.007
23:39:46 | INFO: glTF import finished in 0.02s
23:39:46 | INFO: Data are loaded, start creating Blender stuff
23:39:46 | INFO: Blender create Mesh node Mesh_0.008
23:39:46 | INFO: glTF import finished in 0.01s
23:39:46 | INFO: Data are loaded, start creating Blender stuff
23:39:46 | INFO: Blender create Mesh node Mesh_0.009
23:39:46 | INFO: glTF import finished in 0.02s
23:39:46 | INFO: Data are loaded, start creating Blender stuff
23:39:46 | INFO: Blender create Mesh node Mesh_0.010
23:39:46 | INFO: glTF import finished in 0.01s
23:39:46 | INFO: Data are loaded, start creating Blender stuff
23:39:46 | INFO: Blender create Mesh node Far card
23:39:46 | INFO: glTF import finished in 0.00s
23:39:47 | INFO: Data are loaded, start creating Blender stuff
23:39:47 | INFO: Blender create Mesh node Far card.001
23:39:47 | INFO: glTF import finished in 0.00s
23:39:47 | INFO: Data are loaded, start creating Blender stuff
23:39:47 | INFO: Blender create Mesh node Far card.002
23:39:47 | INFO: glTF import finished in 0.00s
23:39:47 | INFO: Data are loaded, start creating Blender stuff
23:39:47 | INFO: Blender create Mesh node Far card.003
23:39:47 | INFO: glTF import finished in 0.00s
23:39:47 | INFO: Data are loaded, start creating Blender stuff
23:39:47 | INFO: Blender create Mesh node Mesh_0.003
23:39:47 | INFO: glTF import finished in 0.03s
23:39:47 | INFO: Data are loaded, start creating Blender stuff
23:39:47 | INFO: Blender create Mesh node Mesh_0.004
23:39:47 | INFO: glTF import finished in 0.03s
23:39:47 | INFO: Data are loaded, start creating Blender stuff
23:39:47 | INFO: Blender create Mesh node Mesh_0.005
23:39:47 | INFO: glTF import finished in 0.03s
23:39:47 | INFO: Data are loaded, start creating Blender stuff
23:39:47 | INFO: Blender create Mesh node Mesh_0.006
23:39:47 | INFO: glTF import finished in 0.03s
23:39:47 | INFO: Data are loaded, start creating Blender stuff
23:39:47 | INFO: Blender create Mesh node Mesh_0.007
23:39:47 | INFO: glTF import finished in 0.03s
23:39:47 | INFO: Data are loaded, start creating Blender stuff
23:39:47 | INFO: Blender create Mesh node Mesh_0.008
23:39:47 | INFO: glTF import finished in 0.03s
23:39:47 | INFO: Data are loaded, start creating Blender stuff
23:39:47 | INFO: Blender create Mesh node Mesh_0.009
23:39:47 | INFO: glTF import finished in 0.03s
23:39:47 | INFO: Data are loaded, start creating Blender stuff
23:39:47 | INFO: Blender create Mesh node Mesh_0.010
23:39:47 | INFO: glTF import finished in 0.03s
23:39:47 | INFO: Data are loaded, start creating Blender stuff
23:39:47 | INFO: Blender create Mesh node Far card
23:39:47 | INFO: glTF import finished in 0.00s
23:39:47 | INFO: Data are loaded, start creating Blender stuff
23:39:47 | INFO: Blender create Mesh node Far card.001
23:39:47 | INFO: glTF import finished in 0.00s
23:39:47 | INFO: Data are loaded, start creating Blender stuff
23:39:47 | INFO: Blender create Mesh node Far card.002
23:39:47 | INFO: glTF import finished in 0.00s
23:39:47 | INFO: Data are loaded, start creating Blender stuff
23:39:47 | INFO: Blender create Mesh node Far card.003
23:39:47 | INFO: glTF import finished in 0.00s
23:39:47 | INFO: Data are loaded, start creating Blender stuff
23:39:47 | INFO: Blender create Mesh node Mesh_0.003
23:39:47 | INFO: glTF import finished in 0.03s
23:39:47 | INFO: Data are loaded, start creating Blender stuff
23:39:47 | INFO: Blender create Mesh node Mesh_0.004
23:39:47 | INFO: glTF import finished in 0.02s
23:39:47 | INFO: Data are loaded, start creating Blender stuff
23:39:47 | INFO: Blender create Mesh node Mesh_0.005
23:39:47 | INFO: glTF import finished in 0.02s
23:39:47 | INFO: Data are loaded, start creating Blender stuff
23:39:47 | INFO: Blender create Mesh node Mesh_0.006
23:39:47 | INFO: glTF import finished in 0.02s
23:39:47 | INFO: Data are loaded, start creating Blender stuff
23:39:47 | INFO: Blender create Mesh node Mesh_0.007
23:39:48 | INFO: glTF import finished in 0.02s
23:39:48 | INFO: Data are loaded, start creating Blender stuff
23:39:48 | INFO: Blender create Mesh node Mesh_0.008
23:39:48 | INFO: glTF import finished in 0.02s
23:39:48 | INFO: Data are loaded, start creating Blender stuff
23:39:48 | INFO: Blender create Mesh node Mesh_0.009
23:39:48 | INFO: glTF import finished in 0.02s
23:39:48 | INFO: Data are loaded, start creating Blender stuff
23:39:48 | INFO: Blender create Mesh node Mesh_0.010
23:39:48 | INFO: glTF import finished in 0.02s
23:39:48 | INFO: Data are loaded, start creating Blender stuff
23:39:48 | INFO: Blender create Mesh node Far card
23:39:48 | INFO: glTF import finished in 0.00s
23:39:48 | INFO: Data are loaded, start creating Blender stuff
23:39:48 | INFO: Blender create Mesh node Far card.001
23:39:48 | INFO: glTF import finished in 0.00s
23:39:48 | INFO: Data are loaded, start creating Blender stuff
23:39:48 | INFO: Blender create Mesh node Far card.002
23:39:48 | INFO: glTF import finished in 0.00s
23:39:48 | INFO: Data are loaded, start creating Blender stuff
23:39:48 | INFO: Blender create Mesh node Far card.003
23:39:48 | INFO: glTF import finished in 0.00s
23:39:48 | INFO: Data are loaded, start creating Blender stuff
23:39:48 | INFO: Blender create Mesh node Mesh_0.003
23:39:48 | INFO: glTF import finished in 0.02s
23:39:48 | INFO: Data are loaded, start creating Blender stuff
23:39:48 | INFO: Blender create Mesh node Mesh_0.004
23:39:48 | INFO: glTF import finished in 0.01s
Traceback (most recent call last):
  File "/Users/philippe.tillheden/alpine-apex/scripts/art/prepare_scenery_models.py", line 209, in <module>
    assert max(abs(obj.dimensions[i]-stat['dimensions'][i]) for i in range(3))<.01,stat
           ^^^^^^^^^^^^^^^^^^^^^^^^^^^^^^^^^^^^^^^^^^^^^^^^^^^^^^^^^^^^^^^^^^^^^^^
AssertionError: {'asset': 'wind_pine_1_lod1', 'family': 'wind_pine', 'lod': 1, 'triangles': 4499, 'dimensions': [3.8165221214294434, 3.733175277709961, 10.720000267028809], 'material': 'Tree_wind_pine.Runtime'}
Blender 5.2.0 LTS (hash fbe6228777e7 built 2026-07-14 01:31:22)

Blender quit
