BlenderMCP: cannot start server in background mode (blender -b) - commands would never execute
BlenderMCP: run Blender with a GUI, or use a virtual display: xvfb-run -a blender
BlenderMCP addon registered
BlenderMCP server stopped
BlenderMCP addon unregistered
23:35:26 | INFO: Data are loaded, start creating Blender stuff
23:35:26 | INFO: Blender create Mesh node mesh
23:35:26 | INFO: glTF import finished in 0.13s
INFO Draco is available, use library at /Applications/Blender.app/Contents/Resources/5.2/scripts/addons_core/io_scene_gltf2/libbf_intern_draco_bridge.dylib
INFO MeshOptimizer is available, use library at /Applications/Blender.app/Contents/Resources/5.2/scripts/addons_core/io_scene_gltf2/libbf_intern_meshopt_bridge.dylib
23:35:38 | INFO: Starting glTF 2.0 export
23:35:38 | INFO: Extracting primitive: mesh.002
23:35:38 | INFO: Primitives created: 1
23:35:38 | INFO: Finished glTF 2.0 export in 0.006777763366699219 s

23:35:38 | INFO: Starting glTF 2.0 export
23:35:38 | INFO: Extracting primitive: mesh.003
23:35:38 | INFO: Primitives created: 1
23:35:38 | INFO: Finished glTF 2.0 export in 0.0027909278869628906 s

23:35:38 | INFO: Starting glTF 2.0 export
23:35:38 | INFO: Extracting primitive: mesh.004
23:35:38 | INFO: Primitives created: 1
23:35:38 | INFO: Finished glTF 2.0 export in 0.002711772918701172 s

23:35:38 | INFO: Starting glTF 2.0 export
23:35:38 | INFO: Extracting primitive: mesh.005
23:35:38 | INFO: Primitives created: 1
23:35:38 | INFO: Finished glTF 2.0 export in 0.0021028518676757812 s

Info: No new files have been packed
Info: Saved as "limestone_family.blend"
23:35:38 | INFO: Data are loaded, start creating Blender stuff
23:35:38 | INFO: Blender create Mesh node mesh
23:35:38 | INFO: glTF import finished in 0.24s
23:36:07 | INFO: Starting glTF 2.0 export
23:36:07 | INFO: Extracting primitive: mesh.002
23:36:07 | INFO: Primitives created: 1
23:36:07 | INFO: Finished glTF 2.0 export in 0.002307891845703125 s

23:36:07 | INFO: Starting glTF 2.0 export
23:36:07 | INFO: Extracting primitive: mesh.003
23:36:07 | INFO: Primitives created: 1
23:36:07 | INFO: Finished glTF 2.0 export in 0.002399921417236328 s

23:36:07 | INFO: Starting glTF 2.0 export
23:36:07 | INFO: Extracting primitive: mesh.004
23:36:07 | INFO: Primitives created: 1
23:36:07 | INFO: Finished glTF 2.0 export in 0.0032122135162353516 s

23:36:07 | INFO: Starting glTF 2.0 export
23:36:07 | INFO: Extracting primitive: mesh.005
23:36:07 | INFO: Primitives created: 1
23:36:07 | INFO: Finished glTF 2.0 export in 0.0023970603942871094 s

Info: No new files have been packed
Info: Saved as "gneiss_family.blend"
23:36:07 | INFO: Data are loaded, start creating Blender stuff
23:36:07 | INFO: Blender create Mesh node mesh
23:36:07 | INFO: glTF import finished in 0.28s
23:36:45 | INFO: Starting glTF 2.0 export
23:36:45 | INFO: Extracting primitive: mesh.002
23:36:45 | INFO: Primitives created: 1
23:36:45 | INFO: Finished glTF 2.0 export in 0.0032291412353515625 s

23:36:45 | INFO: Starting glTF 2.0 export
23:36:45 | INFO: Extracting primitive: mesh.003
23:36:45 | INFO: Primitives created: 1
23:36:45 | INFO: Finished glTF 2.0 export in 0.002931356430053711 s

23:36:45 | INFO: Starting glTF 2.0 export
23:36:45 | INFO: Extracting primitive: mesh.004
23:36:45 | INFO: Primitives created: 1
23:36:45 | INFO: Finished glTF 2.0 export in 0.00255584716796875 s

23:36:45 | INFO: Starting glTF 2.0 export
23:36:45 | INFO: Extracting primitive: mesh.005
23:36:45 | INFO: Primitives created: 1
23:36:45 | INFO: Finished glTF 2.0 export in 0.002238035202026367 s

Info: No new files have been packed
Info: Saved as "split_rock_family.blend"
23:36:45 | INFO: Data are loaded, start creating Blender stuff
23:36:45 | INFO: Blender create Mesh node mesh
23:36:45 | INFO: glTF import finished in 0.36s
23:38:03 | INFO: Starting glTF 2.0 export
23:38:03 | INFO: Extracting primitive: mesh.002
23:38:03 | INFO: Primitives created: 1
23:38:03 | INFO: Finished glTF 2.0 export in 0.0042951107025146484 s

23:38:03 | INFO: Starting glTF 2.0 export
23:38:03 | INFO: Extracting primitive: mesh.003
23:38:03 | INFO: Primitives created: 1
23:38:03 | INFO: Finished glTF 2.0 export in 0.0032689571380615234 s

23:38:03 | INFO: Starting glTF 2.0 export
23:38:03 | INFO: Extracting primitive: mesh.004
23:38:03 | INFO: Primitives created: 1
23:38:03 | INFO: Finished glTF 2.0 export in 0.0023550987243652344 s

23:38:03 | INFO: Starting glTF 2.0 export
23:38:03 | INFO: Extracting primitive: mesh.005
23:38:03 | INFO: Primitives created: 1
23:38:03 | INFO: Finished glTF 2.0 export in 0.0045318603515625 s

Info: No new files have been packed
Info: Saved as "outcrop_family.blend"
23:38:03 | INFO: Data are loaded, start creating Blender stuff
23:38:03 | INFO: Blender create Mesh node mesh.002
23:38:03 | INFO: glTF import finished in 0.00s
23:38:03 | INFO: Data are loaded, start creating Blender stuff
23:38:03 | INFO: Blender create Mesh node mesh.003
23:38:03 | INFO: glTF import finished in 0.00s
23:38:03 | INFO: Data are loaded, start creating Blender stuff
23:38:03 | INFO: Blender create Mesh node mesh.004
23:38:03 | INFO: glTF import finished in 0.00s
23:38:03 | INFO: Data are loaded, start creating Blender stuff
23:38:03 | INFO: Blender create Mesh node mesh.005
23:38:03 | INFO: glTF import finished in 0.00s
23:38:03 | INFO: Data are loaded, start creating Blender stuff
23:38:03 | INFO: Blender create Mesh node mesh.002
23:38:03 | INFO: glTF import finished in 0.00s
23:38:03 | INFO: Data are loaded, start creating Blender stuff
23:38:03 | INFO: Blender create Mesh node mesh.003
23:38:03 | INFO: glTF import finished in 0.00s
23:38:03 | INFO: Data are loaded, start creating Blender stuff
23:38:03 | INFO: Blender create Mesh node mesh.004
23:38:03 | INFO: glTF import finished in 0.00s
23:38:03 | INFO: Data are loaded, start creating Blender stuff
23:38:03 | INFO: Blender create Mesh node mesh.005
23:38:03 | INFO: glTF import finished in 0.00s
23:38:03 | INFO: Data are loaded, start creating Blender stuff
23:38:03 | INFO: Blender create Mesh node mesh.002
23:38:03 | INFO: glTF import finished in 0.00s
23:38:03 | INFO: Data are loaded, start creating Blender stuff
23:38:03 | INFO: Blender create Mesh node mesh.003
23:38:03 | INFO: glTF import finished in 0.00s
23:38:03 | INFO: Data are loaded, start creating Blender stuff
23:38:03 | INFO: Blender create Mesh node mesh.004
23:38:03 | INFO: glTF import finished in 0.00s
23:38:03 | INFO: Data are loaded, start creating Blender stuff
23:38:03 | INFO: Blender create Mesh node mesh.005
23:38:03 | INFO: glTF import finished in 0.00s
23:38:03 | INFO: Data are loaded, start creating Blender stuff
23:38:03 | INFO: Blender create Mesh node mesh.002
23:38:03 | INFO: glTF import finished in 0.00s
23:38:03 | INFO: Data are loaded, start creating Blender stuff
23:38:03 | INFO: Blender create Mesh node mesh.003
23:38:03 | INFO: glTF import finished in 0.00s
23:38:03 | INFO: Data are loaded, start creating Blender stuff
23:38:03 | INFO: Blender create Mesh node mesh.004
23:38:03 | INFO: glTF import finished in 0.00s
23:38:03 | INFO: Data are loaded, start creating Blender stuff
23:38:03 | INFO: Blender create Mesh node mesh.005
23:38:03 | INFO: glTF import finished in 0.00s
SCENERY_MODELS_COMPLETE 16 verified exports
Blender 5.2.0 LTS (hash fbe6228777e7 built 2026-07-14 01:31:22)

Blender quit
