BlenderMCP: cannot start server in background mode (blender -b) - commands would never execute
BlenderMCP: run Blender with a GUI, or use a virtual display: xvfb-run -a blender
BlenderMCP addon registered
BlenderMCP server stopped
BlenderMCP addon unregistered
21:26:16 | INFO: Data are loaded, start creating Blender stuff
21:26:16 | INFO: Blender create Mesh node char1
21:26:16 | INFO: glTF import finished in 0.24s
Info: Applied modifier was not first, result may not be as expected
Info: Saved as "skier.blend"
INFO Draco is available, use library at /Applications/Blender.app/Contents/Resources/5.2/scripts/addons_core/io_scene_gltf2/libbf_intern_draco_bridge.dylib
INFO MeshOptimizer is available, use library at /Applications/Blender.app/Contents/Resources/5.2/scripts/addons_core/io_scene_gltf2/libbf_intern_meshopt_bridge.dylib
21:26:17 | INFO: Starting glTF 2.0 export
21:26:17 | INFO: Extracting primitive: char1
21:26:17 | WARNING: More than one shader node tex image used for a texture. The resulting glTF sampler will behave like the first shader node tex image.
21:26:18 | INFO: Primitives created: 1
21:26:18 | WARNING: There are more than 4 joint vertex influences.The 4 with highest weight will be used (and normalized).
21:26:18 | INFO: Finished glTF 2.0 export in 0.8588316440582275 s

21:26:18 | INFO: Data are loaded, start creating Blender stuff
21:26:18 | INFO: Blender create Mesh node char1
21:26:18 | INFO: glTF import finished in 0.37s
ROUNDTRIP_COUNTS 40358 40358
SKIER_EXPORT {'meshes': 1, 'triangles': 40358, 'bones': 24, 'source_task': '01a072fc-d6ef-772e-b221-668afcb39bf5', 'roundtrip_triangles': 40358, 'roundtrip_verified': True}
Blender 5.2.0 LTS (hash fbe6228777e7 built 2026-07-14 01:31:22)

Blender quit
